[2026-07-31T11:52:36Z] PILOT START wave=R9-candidate-mimo model=xiaomi/mimo-v2.5 skills=/home/exedev/shipshape-shakedown/experiments/methods-candidate/skills port=8975
[2026-07-31T11:52:37Z] VOYAGE 1 (initial prompt)
[2026-07-31T11:58:06Z] V1 | self-suite: 28 scenarios (28 passed) | roles committed | oracle 24/29
[2026-07-31T11:58:06Z] V1 FIT-OUT | .gplintrc: no | rigging lint: absent | gplint: no-config
    TodoMVC - shakedown -- Mark all as completed -- should allow me to mark all items as completed
    TodoMVC - shakedown -- Mark all as completed -- should allow me to clear the complete state of all items
    TodoMVC - shakedown -- Item -- should allow me to mark items as complete
    TodoMVC - shakedown -- Item -- should allow me to un-mark items as complete
[2026-07-31T11:58:06Z] VOYAGE 2 (oracle response: exact failure, verbatim)
[2026-07-31T12:01:04Z] V2 | self-suite: 28 scenarios (28 passed) | roles left work UNCOMMITTED | oracle 26/29
[2026-07-31T12:01:04Z] V2 FIT-OUT | .gplintrc: no | rigging lint: absent | gplint: no-config
    TodoMVC - shakedown -- Item -- should allow me to mark items as complete
    TodoMVC - shakedown -- Item -- should allow me to un-mark items as complete
[2026-07-31T12:01:04Z] VOYAGE 3 (oracle response: exact failure, verbatim)
[2026-07-31T12:03:13Z] V3 | self-suite: 28 scenarios (28 passed) | roles left work UNCOMMITTED | oracle 26/29
[2026-07-31T12:03:13Z] V3 FIT-OUT | .gplintrc: no | rigging lint: absent | gplint: no-config
    TodoMVC - shakedown -- Item -- should allow me to mark items as complete
    TodoMVC - shakedown -- Item -- should allow me to un-mark items as complete
[2026-07-31T12:03:13Z] VOYAGE 4 (oracle response: exact failure, verbatim)
[2026-07-31T12:06:48Z] V4 | self-suite: 28 scenarios (28 passed) | roles left work UNCOMMITTED | oracle 26/29
[2026-07-31T12:06:48Z] V4 FIT-OUT | .gplintrc: no | rigging lint: absent | gplint: no-config
    TodoMVC - shakedown -- Item -- should allow me to mark items as complete
    TodoMVC - shakedown -- Item -- should allow me to un-mark items as complete
[2026-07-31T12:06:48Z] VOYAGE 5 (oracle response: exact failure, verbatim)
[2026-07-31T12:17:21Z] V5 | self-suite: 28 scenarios (28 passed) | roles left work UNCOMMITTED | oracle 26/29
[2026-07-31T12:17:21Z] V5 FIT-OUT | .gplintrc: no | rigging lint: absent | gplint: no-config
    TodoMVC - shakedown -- Item -- should allow me to mark items as complete
    TodoMVC - shakedown -- Item -- should allow me to un-mark items as complete
[2026-07-31T12:17:21Z] VOYAGE 6 (oracle response: exact failure, verbatim)
[2026-07-31T12:31:01Z] V6 | self-suite: 28 scenarios (28 passed) | roles left work UNCOMMITTED | oracle 26/29
[2026-07-31T12:31:01Z] V6 FIT-OUT | .gplintrc: no | rigging lint: absent | gplint: no-config
    TodoMVC - shakedown -- Item -- should allow me to mark items as complete
    TodoMVC - shakedown -- Item -- should allow me to un-mark items as complete
[2026-07-31T12:31:01Z] VOYAGE 7 (oracle response: exact failure, verbatim)
[2026-07-31T12:35:00Z] V7 | self-suite: 28 scenarios (28 passed) | roles left work UNCOMMITTED | oracle 26/29
[2026-07-31T12:35:00Z] V7 FIT-OUT | .gplintrc: no | rigging lint: absent | gplint: no-config
    TodoMVC - shakedown -- Item -- should allow me to mark items as complete
    TodoMVC - shakedown -- Item -- should allow me to un-mark items as complete
[2026-07-31T12:35:00Z] VOYAGE 8 (oracle response: exact failure, verbatim)
[2026-07-31T12:44:19Z] V8 | self-suite: 28 scenarios (28 passed) | roles left work UNCOMMITTED | oracle 26/29
[2026-07-31T12:44:19Z] V8 FIT-OUT | .gplintrc: no | rigging lint: absent | gplint: no-config
    TodoMVC - shakedown -- Item -- should allow me to mark items as complete
    TodoMVC - shakedown -- Item -- should allow me to un-mark items as complete
[2026-07-31T12:44:19Z] VOYAGE 9 (oracle response: exact failure, verbatim)
[2026-07-31T12:51:58Z] V9 | self-suite: 28 scenarios (28 passed) | roles left work UNCOMMITTED | oracle 26/29
[2026-07-31T12:51:58Z] V9 FIT-OUT | .gplintrc: no | rigging lint: absent | gplint: no-config
    TodoMVC - shakedown -- Item -- should allow me to mark items as complete
    TodoMVC - shakedown -- Item -- should allow me to un-mark items as complete
[2026-07-31T12:51:58Z] VOYAGE 10 (oracle response: exact failure, verbatim)
[2026-07-31T12:56:51Z] V10 | self-suite: 28 scenarios (28 passed) | roles left work UNCOMMITTED | oracle 26/29
[2026-07-31T12:56:51Z] V10 FIT-OUT | .gplintrc: no | rigging lint: absent | gplint: no-config
    TodoMVC - shakedown -- Item -- should allow me to mark items as complete
    TodoMVC - shakedown -- Item -- should allow me to un-mark items as complete
[2026-07-31T12:56:51Z] VOYAGE 11 (oracle response: exact failure, verbatim)
[2026-07-31T13:27:15Z] V11 | self-suite: 28 scenarios (28 passed) | roles left work UNCOMMITTED | oracle 26/29
[2026-07-31T13:27:15Z] V11 FIT-OUT | .gplintrc: no | rigging lint: absent | gplint: no-config
    TodoMVC - shakedown -- Item -- should allow me to mark items as complete
    TodoMVC - shakedown -- Item -- should allow me to un-mark items as complete
[2026-07-31T13:27:15Z] VOYAGE 12 (oracle response: exact failure, verbatim)
[2026-07-31T13:43:38Z] V12 | self-suite: 28 scenarios (28 passed) | roles left work UNCOMMITTED | oracle 26/29
[2026-07-31T13:43:38Z] V12 FIT-OUT | .gplintrc: no | rigging lint: absent | gplint: no-config
    TodoMVC - shakedown -- Item -- should allow me to mark items as complete
    TodoMVC - shakedown -- Item -- should allow me to un-mark items as complete
[2026-07-31T13:43:39Z] PILOT END wave=R9-candidate-mimo final=26/29
