[2026-07-28T10:09:05Z] PILOT START wave=P6-ctrl-chy3 model=tencent/hy3 clone=/home/exedev/shipshape-shakedown/.eval-scratch/oracle-clone-chy3 port=8885 max=12 resume=0
[2026-07-28T10:09:06Z] VOYAGE 0 (fit out: Shipwright harbour pass BEFORE the build)
[2026-07-28T10:37:42Z] SHIPWRIGHT[fitout] 1715s | committed=reverted(self-suite red) | self-suite:30 scenarios (30 failed) | planks=NO-APP.JS
[2026-07-28T10:37:42Z] VOYAGE 1 (build)
[2026-07-28T10:53:59Z] V1 build 977s | self-suite: 32 scenarios (32 passed)
[2026-07-28T10:55:10Z] V1 (post-shipwright) | oracle 20/29 | failing:
    TodoMVC - shakedown -- Mark all as completed -- should allow me to mark all items as completed
    TodoMVC - shakedown -- Mark all as completed -- should allow me to clear the complete state of all items
    TodoMVC - shakedown -- Item -- should allow me to mark items as complete
    TodoMVC - shakedown -- Item -- should allow me to un-mark items as complete
    TodoMVC - shakedown -- Editing -- should hide other controls when editing
    TodoMVC - shakedown -- Routing -- should respect the back button
    TodoMVC - shakedown -- Routing -- should allow me to display all items
    TodoMVC - shakedown -- Routing -- should highlight the currently applied filter
[2026-07-28T10:55:10Z] VOYAGE 2 (oracle-correction — exact failure pasted verbatim)
[2026-07-28T11:28:06Z] V2 oracle-correction 1939s | VOYAGE-COMPLETE | self-suite: 37 scenarios (37 passed) | oracle 28/29 | failing:
    
[2026-07-28T11:28:06Z] REACHED 28/29 — Shipwright harbour pass #2 (after 28/29)
[2026-07-28T11:35:54Z] SHIPWRIGHT[final] 467s | committed=reverted(self-suite red) | self-suite:43 scenarios (39 passed, 3 undefined, 1 failed) | planks=19 on-seam=13 hoisted=6 | @captain=6 @conformance=4
[2026-07-28T11:36:31Z] POST-SHIPWRIGHT oracle 28/29 — STILL 28/29 (shipwright did not regress) — DONE
[2026-07-28T11:36:31Z] PILOT END wave=P6-ctrl-chy3 final=28/29
